                                   ┌─────────────── client ───────────────┐  ┌─────────────── server ───────────────┐   
    ZeroMQ samples                 │cats 7977                             │  │dogs 7977                             │   
    --------------------------     │cats 7978                             │  │dogs 7978                             │   
    cats                           │cats 7979                             │  │dogs 7979                             │   
    dogs                           │cats 7980                             │  │dogs 7980                             │   
    item 1                         │cats 7981                             │  │dogs 7981                             │   
    item 2                         │cats 7982                             │  │dogs 7982                             │   
    item 3                         │cats 7983                             │  │dogs 7983                             │   
    item 4                         │cats 7984                             │  │dogs 7984                             │   
    item 5                         │cats 7985                             │  │dogs 7985                             │   
                                   │cats 7986                             │  │dogs 7986                             │   
                                   │cats 7987                             │  │dogs 7987                             │   
                                   │cats 7988                             │  │dogs 7988                             │   
                                   │cats 7989                             │  │dogs 7989                             │   
                                   │cats 7990                             │  │dogs 7990                             │   
                                   │cats 7991                             │  │dogs 7991                             │   
                                   │cats 7992                             │  │dogs 7992                             │   
                                   │cats 7993                             │  │dogs 7993                             │   
                                   │cats 7994                             │  │dogs 7994                             │   
                                   │cats 7995                             │  │dogs 7995                             │   
                                   │cats 7996                             │  │dogs 7996                             │   
                                   │cats 7997                             │  │dogs 7997                             │   
                                   │cats 7998                             │  │dogs 7998                             │   
                                   │cats 7999                             │  │dogs 7999                             │   
                                   └──────────────────────────────────────┘  └──────────────────────────────────────┘   