one                                ┌─────────────── client ───────────────┐  ┌─────────────── server ───────────────┐   
two                                │Item 24    of 24   . (100%) ########  │  │Item 24    of 24   . (100%) ########  │   
                                   │cats99                                │  │dogs99                                │   
    Progress Bars                  │Item 11    of 11   . (100%) ########  │  │Item 11    of 11   . (100%) ########  │   
    --------------------------     │cats99                                │  │dogs99                                │   
    AutoResetEvent client          │Item 46    of 46   . (100%) ########  │  │Item 46    of 46   . (100%) ########  │   
    AutoResetEvent server          │cats99                                │  │dogs99                                │   
                                   │Item 77    of 77   . (100%) ########  │  │Item 77    of 77   . (100%) ########  │   
three                              │cats99                                │  │dogs99                                │   
stopping                           │Item 65    of 65   . (100%) ########  │  │Item 65    of 65   . (100%) ########  │   
finished, press enter to close.    │cats99                                │  │dogs99                                │   
                                   │Item 43    of 43   . (100%) ########  │  │Item 43    of 43   . (100%) ########  │   
                                   │cats99                                │  │dogs99                                │   
                                   │Item 35    of 35   . (100%) ########  │  │Item 35    of 35   . (100%) ########  │   
                                   │cats99                                │  │dogs99                                │   
                                   │Item 94    of 94   . (100%) ########  │  │Item 94    of 94   . (100%) ########  │   
                                   │cats99                                │  │dogs99                                │   
                                   │Item 10    of 10   . (100%) ########  │  │Item 10    of 10   . (100%) ########  │   
                                   │cats99                                │  │dogs99                                │   
                                   │Item 64    of 64   . (100%) ########  │  │Item 64    of 64   . (100%) ########  │   
                                   │cats99                                │  │dogs99                                │   
                                   │                                      │  │                                      │   
                                   │                                      │  │                                      │   
                                   │                                      │  │                                      │   
                                   └──────────────────────────────────────┘  └──────────────────────────────────────┘   