┌─────── w1 ───────┐                                                            
│955  79956  79957 │                                                            
│79958  79959  7996│                                                            
│0  79961  79962  7│                                                            
│9963  79964  79965│                                                            
│  79966  79967  79│                                                            
│968  79969  79970 │                                                            
│79971  79972  7997│                                                            
│3  79974  79975  7│                                                            
│9976  79977  79978│                                                            
│  79979  79980  79│                                                            
│981  79982  79983 │                                                            
│79984  79985  7998│                                                            
│6  79987  79988  7│                                                            
│9989  79990  79991│                                                            
│  79992  79993  79│                                                            
│994  79995  79996 │                                                            
│79997  79998  7999│                                                            
│9                 │                                                            
└──────────────────┘                                                            