box1 :Double, box2:Double, Join:Merge                                           
                                                                                
                                                                                
                                                                                
                                                                                
                                                                                
                                                                                
                                                                                
                                                                                
                                                                                
          ╔═════════╗                                                           
          ║         ║                                                           
          ║         ║                                                           
          ║         ║                                                           
          ║         ║                                                           
          ║    ╔════╬════╗                                                      
          ║    ║    ║    ║                                                      
          ║    ║    ║    ║                                                      
          ║    ║    ║    ║                                                      
          ║    ║    ║    ║                                                      
          ╚════╬════╝    ║                                                      
               ║         ║                                                      
               ║         ║                                                      
               ║         ║                                                      
               ║         ║                                                      
               ╚═════════╝                                                      