10,1-8,2 height:2 width:-2                                                                                                                                                                              
                                                                                                                                                                                                        
0,1-0,1 height:1 width:1                                                                                                                                                                                
☐                                                                                                                                                                                                       
(0,5 - 0,7) height:3 width:1                                                                                                                                                                            
┐                                                                                                                                                                                                       
│                                                                                                                                                                                                       
┘                                                                                                                                                                                                       
(0,9 - 1,11) height:3 width:2                                                                                                                                                                           
╔╗                                                                                                                                                                                                      
║║                                                                                                                                                                                                      
╚╝                                                                                                                                                                                                      
(0,13 - 2,15) height:3 width:3                                                                                                                                                                          
┌─┐                                                                                                                                                                                                     
│ │                                                                                                                                                                                                     
└─┘                                                                                                                                                                                                     
(0,17 - 3,19) height:3 width:4                                                                                                                                                                          
╔══╗                                                                                                                                                                                                    
║  ║                                                                                                                                                                                                    
╚══╝                                                                                                                                                                                                    
(0,21 - 4,23) height:3 width:5                                                                                                                                                                          
┌───┐                                                                                                                                                                                                   
│   │                                                                                                                                                                                                   
└───┘                                                                                                                                                                                                   
(0,25 - 5,27) height:3 width:6                                                                                                                                                                          
╔════╗                                                                                                                                                                                                  
║    ║                                                                                                                                                                                                  
╚════╝                                                                                                                                                                                                  
(0,29 - 6,31) height:3 width:7                                                                                                                                                                          
┌─────┐                                                                                                                                                                                                 
│     │                                                                                                                                                                                                 
└─────┘                                                                                                                                                                                                 
(0,33 - 7,35) height:3 width:8                                                                                                                                                                          
╔══════╗                                                                                                                                                                                                
║      ║                                                                                                                                                                                                
╚══════╝                                                                                                                                                                                                
(0,37 - 8,39) height:3 width:9                                                                                                                                                                          
┌───────┐                                                                                                                                                                                               
│       │                                                                                                                                                                                               
└───────┘                                                                                                                                                                                               
(0,41 - 9,43) height:3 width:10                                                                                                                                                                         
╔════════╗                                                                                                                                                                                              
║        ║                                                                                                                                                                                              
╚════════╝                                                                                                                                                                                              
(0,45 - 9,45) height:1 width:10                                                                                                                                                                         
╚════════╝                                                                                                                                                                                              