 ┌─────────────────────────────── MixedNumClass  ───────────────────────────────┐                                                                                                                       
 │ Int Min Value     : 2147483647                                               │                                                                                                                       
 │ Int Null          :                                                          │                                                                                                                       
 │ Int Field         : 123                                                      │                                                                                                                       
 │ Decimal Min Value : -79228162514264337593543950335                           │                                                                                                                       
 │ Decimal Max Value : 79228162514264337593543950335                            │                                                                                                                       
 │ Decimal Field     : 123.456789                                               │                                                                                                                       
 │ Float Field       : 10.1234                                                  │                                                                                                                       
 │ Float Max Value   : 3.402823E+38                                             │                                                                                                                       
 │ Float Min Value   : -3.402823E+38                                            │                                                                                                                       
 │ Float Null        :                                                          │                                                                                                                       
 │ Float Epsilon     : 1.401298E-45                                             │                                                                                                                       
 └──────────────────────────────────────────────────────────────────────────────┘                                                                                                                       