menu[0] =  wk wk aB aB aB aB aB aB aB aB aB aB wk wk wk
menu[1] =  wk wk aB aBMaBEaBNaBUaB aB aB aB aB wk wk wk
menu[2] =  wk wk aB aB-aB-aB-aB-aB-aB-aB aB aB wk wk wk
menu[3] =  wk wk aB aBiBatBaeBamBa Ba1Ba aB aB wk wk wk
menu[4] =  wk wk aB aBiaBtaBeaBmaB aB2aB aB aB wk wk wk
menu[5] =  wk wk aB aBiaBtaBeaBmaB aB3aB aB aB wk wk wk
menu[6] =  wk wk aB aB aB aB aB aB aB aB aB aB wk wk wk
