 m e n u   i t e m   1                                                          
 m e n u   i t e m   2                                                          
 m e n u  #i#t#e#m   3                                                          
 m e n u   i t e m   4                                                          
 m e n u   i t e m   5                                                          
                                                                                
                                                                                
                                                                                
                                                                                
                                                                                