[0] = Item 1     of 20   . (5  %) ##                                                  
[1] = cats                                                                            
[2] = Item 2     of 20   . (10 %) #####                                               
[3] = cats                                                                            
[4] = Item 3     of 20   . (15 %) #######                                             
[5] = cats                                                                            
[6] = Item 4     of 20   . (20 %) ##########                                          
[7] = cats                                                                            
[8] = Item 5     of 20   . (25 %) ############                                        
[9] = cats                                                                            
[10] = Item 6     of 20   . (30 %) ###############                                     
[11] = cats                                                                            
[12] = Item 7     of 20   . (35 %) #################                                   
[13] = cats                                                                            
[14] = Item 8     of 20   . (40 %) ####################                                
[15] = cats                                                                            
[16] = Item 9     of 20   . (45 %) ######################                              
[17] = cats                                                                            
[18] = Item 10    of 20   . (50 %) #########################                           
[19] = cats                                                                            
[20] = Item 11    of 20   . (55 %) ###########################                         
[21] = cats                                                                            
[22] = Item 12    of 20   . (60 %) ##############################                      
[23] = cats                                                                            
[24] = Item 13    of 20   . (65 %) ################################                    
[25] = cats                                                                            
[26] = Item 14    of 20   . (70 %) ###################################                 
[27] = cats                                                                            
[28] = Item 15    of 20   . (75 %) #####################################               
[29] = cats                                                                            
[30] = Item 16    of 20   . (80 %) ########################################            
[31] = cats                                                                            
[32] = Item 17    of 20   . (85 %) ##########################################          
[33] = cats                                                                            
[34] = Item 18    of 20   . (90 %) #############################################       
[35] = cats                                                                            
[36] = Item 19    of 20   . (95 %) ###############################################     
[37] = cats                                                                            
[38] = Item 20    of 20   . (100%) ##################################################  
[39] = cats                                                                            
