10,1-8,2 height:2 width:-2                                                                                              
                                                                                                                        
0,1-0,1 height:1 width:1                                                                                                
☐                                                                                                                       
                                                                                                                        
                                                                                                                        
(0,7 - 0,10) height:4 width:1                                                                                           
┐                                                                                                                       
│                                                                                                                       
│                                                                                                                       
┘                                                                                                                       
(0,12 - 1,15) height:4 width:2                                                                                          
╔╗                                                                                                                      
║║                                                                                                                      
║║                                                                                                                      
╚╝                                                                                                                      
(0,17 - 2,20) height:4 width:3                                                                                          
┌─┐                                                                                                                     
│ │                                                                                                                     
│ │                                                                                                                     
└─┘                                                                                                                     
(0,22 - 3,25) height:4 width:4                                                                                          
╔══╗                                                                                                                    
║  ║                                                                                                                    
║  ║                                                                                                                    
╚══╝                                                                                                                    
(0,27 - 4,30) height:4 width:5                                                                                          
┌───┐                                                                                                                   
│   │                                                                                                                   
│   │                                                                                                                   
└───┘                                                                                                                   
(0,32 - 5,35) height:4 width:6                                                                                          
╔════╗                                                                                                                  
║    ║                                                                                                                  
║    ║                                                                                                                  
╚════╝                                                                                                                  
(0,37 - 6,40) height:4 width:7                                                                                          
┌─────┐                                                                                                                 
│     │                                                                                                                 
│     │                                                                                                                 
└─────┘                                                                                                                 
(0,42 - 7,45) height:4 width:8                                                                                          
╔══════╗                                                                                                                
║      ║                                                                                                                
(0,45 - 9,45) height:1 width:10                                                                                         
╚══════╩═╝                                                                                                              
(0,47 - 8,50) height:4 width:9                                                                                          
┌───────┐                                                                                                               
│       │                                                                                                               
│       │                                                                                                               
└───────┘                                                                                                               
(0,52 - 9,55) height:4 width:10                                                                                         
╔════════╗                                                                                                              
║        ║                                                                                                              
║        ║                                                                                                              
╚════════╝                                                                                                              