box1 :Single, box2:Double, MergeOrOverlap:Merge                                 
                                                                                
                                                                                
                                                                                
                                                                                
                                                                                
                                                                                
                                                                                
                                                                                
                                                                                
          ┌─────────┐                                                           
          │         │                                                           
          │         │                                                           
          │         │                                                           
          │         │                                                           
          │    ╔════╪════╗                                                      
          │    ║    │    ║                                                      
          │    ║    │    ║                                                      
          │    ║    │    ║                                                      
          │    ║    │    ║                                                      
          └────╫────┘    ║                                                      
               ║         ║                                                      
               ║         ║                                                      
               ║         ║                                                      
               ║         ║                                                      
               ╚═════════╝                                                      