                                                                                                                        
                                                                                                                        
  ╔═══════════════════╤═══ my test box ═══════════════════════╗                                                         
  ║ DEMO INVOICE      │                                       ║                                                         
  ╠═══════════════════╧═══════════════════════════════════════╣                                                         
  ║                                                           ║                                                         
  ║                                                           ║                                                         
  ║                                                           ║                                                         
  ║                                                           ║                                                         
  ║                                                           ║                                                         
  ║                                                           ║                                                         
  ║                                                           ║                                                         
  ║                                                           ║                                                         
  ║                                                           ║                                                         
  ║                                                           ║                                                         
  ║                                                           ║                                                         
  ║                                  ╤═══════════════════╤    ║                                                         
  ║                                  │                   │    ║                                                         
  ║                                  ╧═══════════════════╧    ║                                                         
  ║                                                           ║                                                         
  ╚═══════════════════════════════════════════════════════════╝                                                         