box1 :Single, box2:Single, MergeOrOverlap:Overlap                               
                                                                                
                                                                                
                                                                                
                                                                                
                                                                                
                                                                                
                                                                                
                                                                                
                                                                                
          ┌─────────┐                                                           
          │         │                                                           
          │         │                                                           
          │         │                                                           
          │         │                                                           
          │    ┌────┼────┐                                                      
          │    │    │    │                                                      
          │    │    │    │                                                      
          │    │    │    │                                                      
          │    │    │    │                                                      
          └────┼────┘    │                                                      
               │         │                                                      
               │         │                                                      
               │         │                                                      
               │         │                                                      
               └─────────┘                                                      